
[1m[46m RUN [49m[22m [36mv4.0.18 [39m[90m/Users/akd/projects/ooo-agent[39m

 [32m✓[39m __tests__/smoke.test.tsx [2m([22m[2m1 test[22m[2m)[22m[32m 7[2mms[22m[39m
[90mstdout[2m | __tests__/webhook.test.ts[2m > [22m[2mGmail Pub/Sub Webhook Route[2m > [22m[2mshould return 200 and skip if user does not exist
[22m[39m[Gmail Webhook] Notification for unknown@example.com, historyId: 12345

[90mstdout[2m | __tests__/webhook.test.ts[2m > [22m[2mGmail Pub/Sub Webhook Route[2m > [22m[2mshould return 200 and skip if user does not exist
[22m[39m[Gmail Webhook] User unknown@example.com not found or agent disabled. Skipping.

[90mstdout[2m | __tests__/webhook.test.ts[2m > [22m[2mGmail Pub/Sub Webhook Route[2m > [22m[2mshould enqueue a Cloud Task if user exists and agent is enabled
[22m[39m[Gmail Webhook] Notification for active@example.com, historyId: 67890

[90mstderr[2m | __tests__/webhook.test.ts[2m > [22m[2mGmail Pub/Sub Webhook Route[2m > [22m[2mshould enqueue a Cloud Task if user exists and agent is enabled
[22m[39m[vitest] The vi.fn() mock did not use 'function' or 'class' in its implementation, see https://vitest.dev/api/vi#vi-spyon for examples.
[Gmail Webhook] Error processing notification: TypeError: () => ({
    createTask: createTaskMock,
    queuePath: queuePathMock
  }) is not a constructor
    at new Mock [90m(file:///Users/akd/projects/ooo-agent/[39mnode_modules/[4m@vitest/spy[24m/dist/index.js:262:27[90m)[39m
    at Module.POST [90m(/Users/akd/projects/ooo-agent/[39msrc/app/api/webhooks/gmail/route.ts:59:28[90m)[39m
[90m    at processTicksAndRejections (node:internal/process/task_queues:103:5)[39m
    at [90m/Users/akd/projects/ooo-agent/[39m__tests__/webhook.test.ts:76:21
    at [90mfile:///Users/akd/projects/ooo-agent/[39mnode_modules/[4m@vitest/runner[24m/dist/index.js:915:20

 [31m❯[39m __tests__/webhook.test.ts [2m([22m[2m3 tests[22m[2m | [22m[31m1 failed[39m[2m)[22m[32m 33[2mms[22m[39m
     [32m✓[39m should return 400 if message data is missing[32m 9[2mms[22m[39m
     [32m✓[39m should return 200 and skip if user does not exist[32m 6[2mms[22m[39m
[31m     [31m×[31m should enqueue a Cloud Task if user exists and agent is enabled[39m[32m 15[2mms[22m[39m
[90mstdout[2m | __tests__/rag-context.test.ts[2m > [22m[2mRAG Context Engine[2m > [22m[2mshould index and retrieve items via semantic query
[22m[39m[ContextService] Forcing SQLiteVectorStore via OVERRIDE_VECTOR_STORE

[90mstdout[2m | __tests__/response-rules.test.ts[2m > [22m[2mResponse Rules Engine[2m > [22m[2mshould respect rule priority (High wins over Low)
[22m[39m[ContextService] Forcing SQLiteVectorStore via OVERRIDE_VECTOR_STORE

[90mstdout[2m | __tests__/rag-context.test.ts[2m > [22m[2mRAG Context Engine[2m > [22m[2mshould index and retrieve items via semantic query
[22m[39m[ContextService] Indexing item: item-1 (document)

[90mstdout[2m | __tests__/response-rules.test.ts[2m > [22m[2mResponse Rules Engine[2m > [22m[2mshould respect rule priority (High wins over Low)
[22m[39m[RulesService] Match found: "High Priority"

[90mstdout[2m | __tests__/response-rules.test.ts[2m > [22m[2mResponse Rules Engine[2m > [22m[2mshould perform case-insensitive subject matching
[22m[39m[ContextService] Forcing SQLiteVectorStore via OVERRIDE_VECTOR_STORE

[90mstdout[2m | __tests__/response-rules.test.ts[2m > [22m[2mResponse Rules Engine[2m > [22m[2mshould perform case-insensitive subject matching
[22m[39m[RulesService] Match found: "Subject Match"

[90mstdout[2m | __tests__/response-rules.test.ts[2m > [22m[2mResponse Rules Engine[2m > [22m[2mshould perform partial sender matching
[22m[39m[ContextService] Forcing SQLiteVectorStore via OVERRIDE_VECTOR_STORE

[90mstdout[2m | __tests__/rag-context.test.ts[2m > [22m[2mRAG Context Engine[2m > [22m[2mshould index and retrieve items via semantic query
[22m[39m[ContextService] Indexed 1 chunks for item cmmb5b8fw0001djcts7fgv97p

[90mstdout[2m | __tests__/rag-context.test.ts[2m > [22m[2mRAG Context Engine[2m > [22m[2mshould index and retrieve items via semantic query
[22m[39m[ContextService] Querying: "Are pets allowed?"

[90mstdout[2m | __tests__/rag-context.test.ts[2m > [22m[2mRAG Context Engine[2m > [22m[2mshould index and retrieve items via semantic query
[22m[39m[ContextService] DB empty, asking Drive API...

[90mstdout[2m | __tests__/rag-context.test.ts[2m > [22m[2mRAG Context Engine[2m > [22m[2mshould include retrieved context in the draft response
[22m[39m[ContextService] Forcing SQLiteVectorStore via OVERRIDE_VECTOR_STORE

[90mstdout[2m | __tests__/response-rules.test.ts[2m > [22m[2mResponse Rules Engine[2m > [22m[2mshould perform partial sender matching
[22m[39m[RulesService] Match found: "Domain Match"

[90mstdout[2m | __tests__/response-rules.test.ts[2m > [22m[2mResponse Rules Engine[2m > [22m[2mshould return null when no rules match
[22m[39m[ContextService] Forcing SQLiteVectorStore via OVERRIDE_VECTOR_STORE

[90mstdout[2m | __tests__/response-rules.test.ts[2m > [22m[2mResponse Rules Engine[2m > [22m[2mshould integrate with ResponseService to generate a draft with Assistant Note
[22m[39m[ContextService] Forcing SQLiteVectorStore via OVERRIDE_VECTOR_STORE

[90mstdout[2m | __tests__/rag-context.test.ts[2m > [22m[2mRAG Context Engine[2m > [22m[2mshould include retrieved context in the draft response
[22m[39m[ContextService] Indexing item: item-2 (email)

[90mstdout[2m | __tests__/response-rules.test.ts[2m > [22m[2mResponse Rules Engine[2m > [22m[2mshould integrate with ResponseService to generate a draft with Assistant Note
[22m[39m[ResponseService] Processing: boss@company.com - "Project Update"

[90mstdout[2m | __tests__/rag-context.test.ts[2m > [22m[2mRAG Context Engine[2m > [22m[2mshould include retrieved context in the draft response
[22m[39m[ContextService] Indexed 1 chunks for item cmmb5b9090006djctdxyhm8nw

[90mstdout[2m | __tests__/rag-context.test.ts[2m > [22m[2mRAG Context Engine[2m > [22m[2mshould include retrieved context in the draft response
[22m[39m[ResponseService] Processing: partner@client.com - "When is the launch?"

 [31m❯[39m __tests__/auth-adapter.test.ts [2m([22m[2m2 tests[22m[2m | [22m[31m1 failed[39m[2m)[22m[33m 1829[2mms[22m[39m
[31m     [31m×[31m should create a new user via NextAuth adapter[39m[32m 99[2mms[22m[39m
     [32m✓[39m should create an account linking it to the user[32m 268[2mms[22m[39m
[90mstdout[2m | __tests__/response-rules.test.ts[2m > [22m[2mResponse Rules Engine[2m > [22m[2mshould integrate with ResponseService to generate a draft with Assistant Note
[22m[39m[RulesService] Match found: "Priority Rule"

[90mstdout[2m | __tests__/response-rules.test.ts[2m > [22m[2mResponse Rules Engine[2m > [22m[2mshould integrate with ResponseService to generate a draft with Assistant Note
[22m[39m[RoutingService] Resolving coverage for user test-user-rules on topic: "Project Update"

[90mstdout[2m | __tests__/response-rules.test.ts[2m > [22m[2mResponse Rules Engine[2m > [22m[2mshould integrate with ResponseService to generate a draft with Assistant Note
[22m[39m[ContextService] Querying: "Project Update"

[90mstdout[2m | __tests__/rag-context.test.ts[2m > [22m[2mRAG Context Engine[2m > [22m[2mshould include retrieved context in the draft response
[22m[39m[RulesService] Match found: "Generic Rule"

[90mstdout[2m | __tests__/rag-context.test.ts[2m > [22m[2mRAG Context Engine[2m > [22m[2mshould include retrieved context in the draft response
[22m[39m[RoutingService] Resolving coverage for user test-user-rag on topic: "When is the launch?"

[90mstdout[2m | __tests__/rag-context.test.ts[2m > [22m[2mRAG Context Engine[2m > [22m[2mshould include retrieved context in the draft response
[22m[39m[ContextService] Querying: "When is the launch?"

[90mstdout[2m | __tests__/response-rules.test.ts[2m > [22m[2mResponse Rules Engine[2m > [22m[2mshould integrate with ResponseService to generate a draft with Assistant Note
[22m[39m[ContextService] Querying: "Project Update"

[90mstdout[2m | __tests__/response-rules.test.ts[2m > [22m[2mResponse Rules Engine[2m > [22m[2mshould integrate with ResponseService to generate a draft with Assistant Note
[22m[39m[MockLLM] Generating response...

[90mstdout[2m | __tests__/rag-context.test.ts[2m > [22m[2mRAG Context Engine[2m > [22m[2mshould include retrieved context in the draft response
[22m[39m[ContextService] Querying: "When is the launch?"

[90mstdout[2m | __tests__/rag-context.test.ts[2m > [22m[2mRAG Context Engine[2m > [22m[2mshould include retrieved context in the draft response
[22m[39m[MockLLM] Generating response...

[90mstdout[2m | __tests__/response-rules.test.ts[2m > [22m[2mResponse Rules Engine[2m > [22m[2mshould integrate with ResponseService to generate a draft with Assistant Note
[22m[39m[ResponseService] Executing LIVE draft creation via Gmail API...

[90mstdout[2m | __tests__/response-rules.test.ts[2m > [22m[2mResponse Rules Engine[2m > [22m[2mshould integrate with ResponseService to generate a draft with Assistant Note
[22m[39m[ResponseService] Successfully created draft for boss@company.com on topic "Project Update"

 [32m✓[39m __tests__/response-rules.test.ts [2m([22m[2m5 tests[22m[2m)[22m[33m 2547[2mms[22m[39m
     [33m[2m✓[22m[39m should respect rule priority (High wins over Low) [33m 918[2mms[22m[39m
     [33m[2m✓[22m[39m should integrate with ResponseService to generate a draft with Assistant Note [33m 1134[2mms[22m[39m
[90mstdout[2m | __tests__/rag-context.test.ts[2m > [22m[2mRAG Context Engine[2m > [22m[2mshould include retrieved context in the draft response
[22m[39m[ResponseService] Executing LIVE draft creation via Gmail API...

[90mstdout[2m | __tests__/rag-context.test.ts[2m > [22m[2mRAG Context Engine[2m > [22m[2mshould include retrieved context in the draft response
[22m[39m[ResponseService] Successfully created draft for partner@client.com on topic "When is the launch?"

 [31m❯[39m __tests__/rag-context.test.ts [2m([22m[2m2 tests[22m[2m | [22m[31m1 failed[39m[2m)[22m[33m 2650[2mms[22m[39m
[31m     [31m×[31m should index and retrieve items via semantic query[39m[33m 1212[2mms[22m[39m
     [33m[2m✓[22m[39m should include retrieved context in the draft response [33m 1437[2mms[22m[39m

[31m⎯⎯⎯⎯⎯⎯⎯[39m[1m[41m Failed Tests 3 [49m[22m[31m⎯⎯⎯⎯⎯⎯⎯[39m

[41m[1m FAIL [22m[49m __tests__/auth-adapter.test.ts[2m > [22mPostgreSQL Prisma Adapter Integration[2m > [22mshould create a new user via NextAuth adapter
[31m[1mPrismaClientKnownRequestError[22m: 
Invalid `prisma.user.create()` invocation:


Unique constraint failed on the fields: (`email`)[39m
[90m [2m❯[22m $n.handleRequestError node_modules/@prisma/client/runtime/library.js:[2m121:7315[22m[39m
[90m [2m❯[22m $n.handleAndLogRequestError node_modules/@prisma/client/runtime/library.js:[2m121:6623[22m[39m
[90m [2m❯[22m $n.request node_modules/@prisma/client/runtime/library.js:[2m121:6307[22m[39m
[90m [2m❯[22m l node_modules/@prisma/client/runtime/library.js:[2m130:9633[22m[39m
[36m [2m❯[22m __tests__/auth-adapter.test.ts:[2m38:29[22m[39m
    [90m 36| [39m
    [90m 37| [39m        // This simulates NextAuth calling the adapter when a user sig…
    [90m 38| [39m        [35mconst[39m createdUser [33m=[39m [35mawait[39m adapter[33m.[39m[34mcreateUser[39m[33m![39m(testUser)[33m;[39m
    [90m   | [39m                            [31m^[39m
    [90m 39| [39m
    [90m 40| [39m        [34mexpect[39m(createdUser)[33m.[39m[34mtoBeDefined[39m()[33m;[39m

[31m[2m⎯⎯⎯⎯⎯⎯⎯⎯⎯⎯⎯⎯⎯⎯⎯⎯⎯⎯⎯⎯⎯⎯⎯⎯[1/3]⎯[22m[39m

[41m[1m FAIL [22m[49m __tests__/rag-context.test.ts[2m > [22mRAG Context Engine[2m > [22mshould index and retrieve items via semantic query
[31m[1mAssertionError[22m: expected 0 to be greater than 0[39m
[36m [2m❯[22m __tests__/rag-context.test.ts:[2m81:32[22m[39m
    [90m 79| [39m        const results = await contextService.query({ userId, query: 'A…
    [90m 80| [39m        
    [90m 81| [39m        [34mexpect[39m(results[33m.[39mlength)[33m.[39m[34mtoBeGreaterThan[39m([34m0[39m)[33m;[39m
    [90m   | [39m                               [31m^[39m
    [90m 82| [39m        [34mexpect[39m(results[[34m0[39m][33m.[39mcontent)[33m.[39m[34mtoContain[39m([32m'pet policy'[39m)[33m;[39m
    [90m 83| [39m        [34mexpect[39m(results[[34m0[39m][33m.[39mcontent)[33m.[39m[34mtoContain[39m([32m'dogs are allowed'[39m)[33m;[39m

[31m[2m⎯⎯⎯⎯⎯⎯⎯⎯⎯⎯⎯⎯⎯⎯⎯⎯⎯⎯⎯⎯⎯⎯⎯⎯[2/3]⎯[22m[39m

[41m[1m FAIL [22m[49m __tests__/webhook.test.ts[2m > [22mGmail Pub/Sub Webhook Route[2m > [22mshould enqueue a Cloud Task if user exists and agent is enabled
[31m[1mAssertionError[22m: expected 500 to be 200 // Object.is equality[39m

[32m- Expected[39m
[31m+ Received[39m

[32m- 200[39m
[31m+ 500[39m

[36m [2m❯[22m __tests__/webhook.test.ts:[2m80:28[22m[39m
    [90m 78| [39m        vi[33m.[39m[34munstubAllEnvs[39m()[33m;[39m
    [90m 79| [39m
    [90m 80| [39m        [34mexpect[39m(res[33m.[39mstatus)[33m.[39m[34mtoBe[39m([34m200[39m)[33m;[39m
    [90m   | [39m                           [31m^[39m
    [90m 81| [39m        [34mexpect[39m(prisma[33m.[39muser[33m.[39mfindUnique)[33m.[39m[34mtoHaveBeenCalledWith[39m({
    [90m 82| [39m            where[33m:[39m { email[33m:[39m [32m'active@example.com'[39m }[33m,[39m

[31m[2m⎯⎯⎯⎯⎯⎯⎯⎯⎯⎯⎯⎯⎯⎯⎯⎯⎯⎯⎯⎯⎯⎯⎯⎯[3/3]⎯[22m[39m


[2m Test Files [22m [1m[31m3 failed[39m[22m[2m | [22m[1m[32m2 passed[39m[22m[90m (5)[39m
[2m      Tests [22m [1m[31m3 failed[39m[22m[2m | [22m[1m[32m10 passed[39m[22m[90m (13)[39m
[2m   Start at [22m 13:54:28
[2m   Duration [22m 5.19s[2m (transform 708ms, setup 0ms, import 1.53s, tests 7.07s, environment 8.09s)[22m

